May 23 21:40:20 gboucett kernel: Linux version 5.18.0-thor_kernelgboucett-00161-g1e57930e9f40-dirty (root@gboucett) (gcc (GCC) 11.2.0, GNU ld (GNU Binutils) 2.38) #2 SMP PREEMPT_DYNAMIC Mon May 23 23:30:57 CEST 2022
May 23 21:40:20 gboucett kernel: Command line: BOOT_IMAGE=/vmlinuz-5.18-gboucett root=/dev/sda3 ro
May 23 21:40:20 gboucett kernel: [Firmware Bug]: TSC doesn't count with P0 frequency!
May 23 21:40:20 gboucett kernel: x86/fpu: Supporting XSAVE feature 0x001: 'x87 floating point registers'
May 23 21:40:20 gboucett kernel: x86/fpu: Supporting XSAVE feature 0x002: 'SSE registers'
May 23 21:40:20 gboucett kernel: x86/fpu: Supporting XSAVE feature 0x004: 'AVX registers'
May 23 21:40:20 gboucett kernel: x86/fpu: xstate_offset[2]:  576, xstate_sizes[2]:  256
May 23 21:40:20 gboucett kernel: x86/fpu: Enabled xstate features 0x7, context size is 832 bytes, using 'standard' format.
May 23 21:40:20 gboucett kernel: signal: max sigframe size: 1776
May 23 21:40:20 gboucett kernel: BIOS-provided physical RAM map:
May 23 21:40:20 gboucett kernel: BIOS-e820: [mem 0x0000000000000000-0x000000000009fbff] usable
May 23 21:40:20 gboucett kernel: BIOS-e820: [mem 0x000000000009fc00-0x000000000009ffff] reserved
May 23 21:40:20 gboucett kernel: BIOS-e820: [mem 0x00000000000f0000-0x00000000000fffff] reserved
May 23 21:40:20 gboucett kernel: BIOS-e820: [mem 0x0000000000100000-0x00000000dbfeffff] usable
May 23 21:40:20 gboucett kernel: BIOS-e820: [mem 0x00000000dbff0000-0x00000000dbffffff] ACPI data
May 23 21:40:20 gboucett kernel: BIOS-e820: [mem 0x00000000fec00000-0x00000000fec00fff] reserved
May 23 21:40:20 gboucett kernel: BIOS-e820: [mem 0x00000000fee00000-0x00000000fee00fff] reserved
May 23 21:40:20 gboucett kernel: BIOS-e820: [mem 0x00000000fffc0000-0x00000000ffffffff] reserved
May 23 21:40:20 gboucett kernel: BIOS-e820: [mem 0x0000000100000000-0x0000000423ffffff] usable
May 23 21:40:20 gboucett kernel: NX (Execute Disable) protection: active
May 23 21:40:20 gboucett kernel: SMBIOS 2.5 present.
May 23 21:40:20 gboucett kernel: DMI: innotek GmbH VirtualBox/VirtualBox, BIOS VirtualBox 12/01/2006
May 23 21:40:20 gboucett kernel: Hypervisor detected: KVM
May 23 21:40:20 gboucett kernel: kvm-clock: Using msrs 4b564d01 and 4b564d00
May 23 21:40:20 gboucett kernel: kvm-clock: using sched offset of 4916109355 cycles
May 23 21:40:20 gboucett kernel: clocksource: kvm-clock: mask: 0xffffffffffffffff max_cycles: 0x1cd42e4dffb, max_idle_ns: 881590591483 ns
May 23 21:40:20 gboucett kernel: tsc: Detected 3700.000 MHz processor
May 23 21:40:20 gboucett kernel: e820: update [mem 0x00000000-0x00000fff] usable ==> reserved
May 23 21:40:20 gboucett kernel: e820: remove [mem 0x000a0000-0x000fffff] usable
May 23 21:40:20 gboucett kernel: last_pfn = 0x424000 max_arch_pfn = 0x400000000
May 23 21:40:20 gboucett kernel: Disabled
May 23 21:40:20 gboucett kernel: x86/PAT: MTRRs disabled, skipping PAT initialization too.
May 23 21:40:20 gboucett kernel: CPU MTRRs all blank - virtualized system.
May 23 21:40:20 gboucett kernel: x86/PAT: Configuration [0-7]: WB  WT  UC- UC  WB  WT  UC- UC  
May 23 21:40:20 gboucett kernel: last_pfn = 0xdbff0 max_arch_pfn = 0x400000000
May 23 21:40:20 gboucett kernel: found SMP MP-table at [mem 0x0009fff0-0x0009ffff]
May 23 21:40:20 gboucett kernel: ACPI: Early table checksum verification disabled
May 23 21:40:20 gboucett kernel: ACPI: RSDP 0x00000000000E0000 000024 (v02 VBOX  )
May 23 21:40:20 gboucett kernel: ACPI: XSDT 0x00000000DBFF0040 00004C (v01 VBOX   VBOXXSDT 00000001 ASL  00000061)
May 23 21:40:20 gboucett kernel: ACPI: FACP 0x00000000DBFF0110 0000F4 (v04 VBOX   VBOXFACP 00000001 ASL  00000061)
May 23 21:40:20 gboucett kernel: ACPI: DSDT 0x00000000DBFF0560 002325 (v02 VBOX   VBOXBIOS 00000002 INTL 20100528)
May 23 21:40:20 gboucett kernel: ACPI: FACS 0x00000000DBFF0240 000040
May 23 21:40:20 gboucett kernel: ACPI: FACS 0x00000000DBFF0240 000040
May 23 21:40:20 gboucett kernel: ACPI: APIC 0x00000000DBFF0280 00008C (v02 VBOX   VBOXAPIC 00000001 ASL  00000061)
May 23 21:40:20 gboucett kernel: ACPI: HPET 0x00000000DBFF0310 000038 (v01 VBOX   VBOXHPET 00000001 ASL  00000061)
May 23 21:40:20 gboucett kernel: ACPI: MCFG 0x00000000DBFF0350 00003C (v01 VBOX   VBOXMCFG 00000001 ASL  00000061)
May 23 21:40:20 gboucett kernel: ACPI: SSDT 0x00000000DBFF0390 0001CC (v01 VBOX   VBOXCPUT 00000002 INTL 20100528)
May 23 21:40:20 gboucett kernel: ACPI: Reserving FACP table memory at [mem 0xdbff0110-0xdbff0203]
May 23 21:40:20 gboucett kernel: ACPI: Reserving DSDT table memory at [mem 0xdbff0560-0xdbff2884]
May 23 21:40:20 gboucett kernel: ACPI: Reserving FACS table memory at [mem 0xdbff0240-0xdbff027f]
May 23 21:40:20 gboucett kernel: ACPI: Reserving FACS table memory at [mem 0xdbff0240-0xdbff027f]
May 23 21:40:20 gboucett kernel: ACPI: Reserving APIC table memory at [mem 0xdbff0280-0xdbff030b]
May 23 21:40:20 gboucett kernel: ACPI: Reserving HPET table memory at [mem 0xdbff0310-0xdbff0347]
May 23 21:40:20 gboucett kernel: ACPI: Reserving MCFG table memory at [mem 0xdbff0350-0xdbff038b]
May 23 21:40:20 gboucett kernel: ACPI: Reserving SSDT table memory at [mem 0xdbff0390-0xdbff055b]
May 23 21:40:20 gboucett kernel: No NUMA configuration found
May 23 21:40:20 gboucett kernel: Faking a node at [mem 0x0000000000000000-0x0000000423ffffff]
May 23 21:40:20 gboucett kernel: NODE_DATA(0) allocated [mem 0x423ff0000-0x423ff3fff]
May 23 21:40:20 gboucett kernel: Zone ranges:
May 23 21:40:20 gboucett kernel:   DMA      [mem 0x0000000000001000-0x0000000000ffffff]
May 23 21:40:20 gboucett kernel:   DMA32    [mem 0x0000000001000000-0x00000000ffffffff]
May 23 21:40:20 gboucett kernel:   Normal   [mem 0x0000000100000000-0x0000000423ffffff]
May 23 21:40:20 gboucett kernel: Movable zone start for each node
May 23 21:40:20 gboucett kernel: Early memory node ranges
May 23 21:40:20 gboucett kernel:   node   0: [mem 0x0000000000001000-0x000000000009efff]
May 23 21:40:20 gboucett kernel:   node   0: [mem 0x0000000000100000-0x00000000dbfeffff]
May 23 21:40:20 gboucett kernel:   node   0: [mem 0x0000000100000000-0x0000000423ffffff]
May 23 21:40:20 gboucett kernel: Initmem setup node 0 [mem 0x0000000000001000-0x0000000423ffffff]
May 23 21:40:20 gboucett kernel: On node 0, zone DMA: 1 pages in unavailable ranges
May 23 21:40:20 gboucett kernel: On node 0, zone DMA: 97 pages in unavailable ranges
May 23 21:40:20 gboucett kernel: On node 0, zone Normal: 16400 pages in unavailable ranges
May 23 21:40:20 gboucett kernel: On node 0, zone Normal: 16384 pages in unavailable ranges
May 23 21:40:20 gboucett kernel: ACPI: PM-Timer IO Port: 0x4008
May 23 21:40:20 gboucett kernel: IOAPIC[0]: apic_id 8, version 32, address 0xfec00000, GSI 0-23
May 23 21:40:20 gboucett kernel: ACPI: INT_SRC_OVR (bus 0 bus_irq 0 global_irq 2 dfl dfl)
May 23 21:40:20 gboucett kernel: ACPI: INT_SRC_OVR (bus 0 bus_irq 9 global_irq 9 low level)
May 23 21:40:20 gboucett kernel: ACPI: Using ACPI (MADT) for SMP configuration information
May 23 21:40:20 gboucett kernel: ACPI: HPET id: 0x8086a201 base: 0xfed00000
May 23 21:40:20 gboucett kernel: smpboot: Allowing 8 CPUs, 0 hotplug CPUs
May 23 21:40:20 gboucett kernel: PM: hibernation: Registered nosave memory: [mem 0x00000000-0x00000fff]
May 23 21:40:20 gboucett kernel: PM: hibernation: Registered nosave memory: [mem 0x0009f000-0x0009ffff]
May 23 21:40:20 gboucett kernel: PM: hibernation: Registered nosave memory: [mem 0x000a0000-0x000effff]
May 23 21:40:20 gboucett kernel: PM: hibernation: Registered nosave memory: [mem 0x000f0000-0x000fffff]
May 23 21:40:20 gboucett kernel: PM: hibernation: Registered nosave memory: [mem 0xdbff0000-0xdbffffff]
May 23 21:40:20 gboucett kernel: PM: hibernation: Registered nosave memory: [mem 0xdc000000-0xfebfffff]
May 23 21:40:20 gboucett kernel: PM: hibernation: Registered nosave memory: [mem 0xfec00000-0xfec00fff]
May 23 21:40:20 gboucett kernel: PM: hibernation: Registered nosave memory: [mem 0xfec01000-0xfedfffff]
May 23 21:40:20 gboucett kernel: PM: hibernation: Registered nosave memory: [mem 0xfee00000-0xfee00fff]
May 23 21:40:20 gboucett kernel: PM: hibernation: Registered nosave memory: [mem 0xfee01000-0xfffbffff]
May 23 21:40:20 gboucett kernel: PM: hibernation: Registered nosave memory: [mem 0xfffc0000-0xffffffff]
May 23 21:40:20 gboucett kernel: [mem 0xdc000000-0xfebfffff] available for PCI devices
May 23 21:40:20 gboucett kernel: Booting paravirtualized kernel on KVM
May 23 21:40:20 gboucett kernel: clocksource: refined-jiffies: mask: 0xffffffff max_cycles: 0xffffffff, max_idle_ns: 1910969940391419 ns
May 23 21:40:20 gboucett kernel: setup_percpu: NR_CPUS:64 nr_cpumask_bits:64 nr_cpu_ids:8 nr_node_ids:1
May 23 21:40:20 gboucett kernel: percpu: Embedded 52 pages/cpu s176040 r8192 d28760 u262144
May 23 21:40:20 gboucett kernel: pcpu-alloc: s176040 r8192 d28760 u262144 alloc=1*2097152
May 23 21:40:20 gboucett kernel: pcpu-alloc: [0] 0 1 2 3 4 5 6 7 
May 23 21:40:20 gboucett kernel: Fallback order for Node 0: 0 
May 23 21:40:20 gboucett kernel: Built 1 zonelists, mobility grouping on.  Total pages: 4128496
May 23 21:40:20 gboucett kernel: Policy zone: Normal
May 23 21:40:20 gboucett kernel: Kernel command line: BOOT_IMAGE=/vmlinuz-5.18-gboucett root=/dev/sda3 ro
May 23 21:40:20 gboucett kernel: Unknown kernel command line parameters "BOOT_IMAGE=/vmlinuz-5.18-gboucett", will be passed to user space.
May 23 21:40:20 gboucett kernel: Dentry cache hash table entries: 2097152 (order: 12, 16777216 bytes, linear)
May 23 21:40:20 gboucett kernel: Inode-cache hash table entries: 1048576 (order: 11, 8388608 bytes, linear)
May 23 21:40:20 gboucett kernel: mem auto-init: stack:off, heap alloc:off, heap free:off
May 23 21:40:20 gboucett kernel: Memory: 16384132K/16776760K available (16396K kernel code, 2667K rwdata, 5084K rodata, 1272K init, 1224K bss, 392368K reserved, 0K cma-reserved)
May 23 21:40:20 gboucett kernel: SLUB: HWalign=64, Order=0-3, MinObjects=0, CPUs=8, Nodes=1
May 23 21:40:20 gboucett kernel: Dynamic Preempt: voluntary
May 23 21:40:20 gboucett kernel: rcu: Preemptible hierarchical RCU implementation.
May 23 21:40:20 gboucett kernel: rcu:         RCU event tracing is enabled.
May 23 21:40:20 gboucett kernel: rcu:         RCU restricting CPUs from NR_CPUS=64 to nr_cpu_ids=8.
May 23 21:40:20 gboucett kernel:         Trampoline variant of Tasks RCU enabled.
May 23 21:40:20 gboucett kernel: rcu: RCU calculated value of scheduler-enlistment delay is 100 jiffies.
May 23 21:40:20 gboucett kernel: rcu: Adjusting geometry for rcu_fanout_leaf=16, nr_cpu_ids=8
May 23 21:40:20 gboucett kernel: NR_IRQS: 4352, nr_irqs: 488, preallocated irqs: 16
May 23 21:40:20 gboucett kernel: rcu: srcu_init: Setting srcu_struct sizes based on contention.
May 23 21:40:20 gboucett kernel: random: get_random_bytes called from start_kernel+0x493/0x665 with crng_init=0
May 23 21:40:20 gboucett kernel: Console: colour VGA+ 80x25
May 23 21:40:20 gboucett kernel: printk: console [tty0] enabled
May 23 21:40:20 gboucett kernel: ACPI: Core revision 20211217
May 23 21:40:20 gboucett kernel: clocksource: hpet: mask: 0xffffffff max_cycles: 0xffffffff, max_idle_ns: 133484882848 ns
May 23 21:40:20 gboucett kernel: APIC: Switch to symmetric I/O mode setup
May 23 21:40:20 gboucett kernel: ..TIMER: vector=0x30 apic1=0 pin1=2 apic2=-1 pin2=-1
May 23 21:40:20 gboucett kernel: clocksource: tsc-early: mask: 0xffffffffffffffff max_cycles: 0x6aaaabc71c7, max_idle_ns: 881590412124 ns
May 23 21:40:20 gboucett kernel: Calibrating delay loop (skipped) preset value.. 7400.00 BogoMIPS (lpj=3700000)
May 23 21:40:20 gboucett kernel: pid_max: default: 32768 minimum: 301
May 23 21:40:20 gboucett kernel: LSM: Security Framework initializing
May 23 21:40:20 gboucett kernel: SELinux:  Initializing.
May 23 21:40:20 gboucett kernel: Mount-cache hash table entries: 32768 (order: 6, 262144 bytes, linear)
May 23 21:40:20 gboucett kernel: Mountpoint-cache hash table entries: 32768 (order: 6, 262144 bytes, linear)
May 23 21:40:20 gboucett kernel: Last level iTLB entries: 4KB 512, 2MB 512, 4MB 256
May 23 21:40:20 gboucett kernel: Last level dTLB entries: 4KB 2048, 2MB 2048, 4MB 1024, 1GB 0
May 23 21:40:20 gboucett kernel: Spectre V1 : Mitigation: usercopy/swapgs barriers and __user pointer sanitization
May 23 21:40:20 gboucett kernel: Spectre V2 : Mitigation: Retpolines
May 23 21:40:20 gboucett kernel: Spectre V2 : Spectre v2 / SpectreRSB mitigation: Filling RSB on context switch
May 23 21:40:20 gboucett kernel: Speculative Store Bypass: Vulnerable
May 23 21:40:20 gboucett kernel: Freeing SMP alternatives memory: 44K
May 23 21:40:20 gboucett kernel: APIC calibration not consistent with PM-Timer: 102ms instead of 100ms
May 23 21:40:20 gboucett kernel: APIC delta adjusted to PM-Timer: 6279924 (6437416)
May 23 21:40:20 gboucett kernel: smpboot: CPU0: AMD Ryzen 9 5900X 12-Core Processor (family: 0x19, model: 0x21, stepping: 0x2)
May 23 21:40:20 gboucett kernel: cblist_init_generic: Setting adjustable number of callback queues.
May 23 21:40:20 gboucett kernel: cblist_init_generic: Setting shift to 3 and lim to 1.
May 23 21:40:20 gboucett kernel: Performance Events: PMU not available due to virtualization, using software events only.
May 23 21:40:20 gboucett kernel: rcu: Hierarchical SRCU implementation.
May 23 21:40:20 gboucett kernel: smp: Bringing up secondary CPUs ...
May 23 21:40:20 gboucett kernel: x86: Booting SMP configuration:
May 23 21:40:20 gboucett kernel: .... node  #0, CPUs:      #1 #2 #3 #4 #5 #6 #7
May 23 21:40:20 gboucett kernel: smp: Brought up 1 node, 8 CPUs
May 23 21:40:20 gboucett kernel: smpboot: Max logical packages: 1
May 23 21:40:20 gboucett kernel: smpboot: Total of 8 processors activated (59200.00 BogoMIPS)
May 23 21:40:20 gboucett kernel: devtmpfs: initialized
May 23 21:40:20 gboucett kernel: clocksource: jiffies: mask: 0xffffffff max_cycles: 0xffffffff, max_idle_ns: 1911260446275000 ns
May 23 21:40:20 gboucett kernel: futex hash table entries: 2048 (order: 5, 131072 bytes, linear)
May 23 21:40:20 gboucett kernel: PM: RTC time: 21:40:11, date: 2022-05-23
May 23 21:40:20 gboucett kernel: NET: Registered PF_NETLINK/PF_ROUTE protocol family
May 23 21:40:20 gboucett kernel: audit: initializing netlink subsys (disabled)
May 23 21:40:20 gboucett kernel: audit: type=2000 audit(1653342018.284:1): state=initialized audit_enabled=0 res=1
May 23 21:40:20 gboucett kernel: thermal_sys: Registered thermal governor 'step_wise'
May 23 21:40:20 gboucett kernel: thermal_sys: Registered thermal governor 'user_space'
May 23 21:40:20 gboucett kernel: cpuidle: using governor menu
May 23 21:40:20 gboucett kernel: PCI: MMCONFIG for domain 0000 [bus 00-3f] at [mem 0xdc000000-0xdfffffff] (base 0xdc000000)
May 23 21:40:20 gboucett kernel: PCI: not using MMCONFIG
May 23 21:40:20 gboucett kernel: PCI: Using configuration type 1 for base access
May 23 21:40:20 gboucett kernel: PCI: Using configuration type 1 for extended access
May 23 21:40:20 gboucett kernel: kprobes: kprobe jump-optimization is enabled. All kprobes are optimized if possible.
May 23 21:40:20 gboucett kernel: HugeTLB registered 2.00 MiB page size, pre-allocated 0 pages
May 23 21:40:20 gboucett kernel: ACPI: Added _OSI(Module Device)
May 23 21:40:20 gboucett kernel: ACPI: Added _OSI(Processor Device)
May 23 21:40:20 gboucett kernel: ACPI: Added _OSI(3.0 _SCP Extensions)
May 23 21:40:20 gboucett kernel: ACPI: Added _OSI(Processor Aggregator Device)
May 23 21:40:20 gboucett kernel: ACPI: Added _OSI(Linux-Dell-Video)
May 23 21:40:20 gboucett kernel: ACPI: Added _OSI(Linux-Lenovo-NV-HDMI-Audio)
May 23 21:40:20 gboucett kernel: ACPI: Added _OSI(Linux-HPI-Hybrid-Graphics)
May 23 21:40:20 gboucett kernel: ACPI: 2 ACPI AML tables successfully acquired and loaded
May 23 21:40:20 gboucett kernel: ACPI: Interpreter enabled
May 23 21:40:20 gboucett kernel: ACPI: PM: (supports S0 S5)
May 23 21:40:20 gboucett kernel: ACPI: Using IOAPIC for interrupt routing
May 23 21:40:20 gboucett kernel: PCI: MMCONFIG for domain 0000 [bus 00-3f] at [mem 0xdc000000-0xdfffffff] (base 0xdc000000)
May 23 21:40:20 gboucett kernel: PCI: MMCONFIG at [mem 0xdc000000-0xdfffffff] reserved in ACPI motherboard resources
May 23 21:40:20 gboucett kernel: PCI: Using host bridge windows from ACPI; if necessary, use "pci=nocrs" and report a bug
May 23 21:40:20 gboucett kernel: ACPI: Enabled 2 GPEs in block 00 to 07
May 23 21:40:20 gboucett kernel: ACPI: PCI Root Bridge [PCI0] (domain 0000 [bus 00-ff])
May 23 21:40:20 gboucett kernel: acpi PNP0A03:00: _OSC: OS supports [ExtendedConfig ASPM ClockPM Segments MSI HPX-Type3]
May 23 21:40:20 gboucett kernel: acpi PNP0A03:00: _OSC: platform does not support [PCIeCapability LTR]
May 23 21:40:20 gboucett kernel: acpi PNP0A03:00: _OSC: not requesting control; platform does not support [PCIeCapability]
May 23 21:40:20 gboucett kernel: acpi PNP0A03:00: _OSC: OS requested [PME PCIeCapability LTR]
May 23 21:40:20 gboucett kernel: acpi PNP0A03:00: _OSC: platform willing to grant [PME]
May 23 21:40:20 gboucett kernel: acpi PNP0A03:00: _OSC: platform retains control of PCIe features (AE_SUPPORT)
May 23 21:40:20 gboucett kernel: acpi PNP0A03:00: [Firmware Info]: MMCONFIG for domain 0000 [bus 00-3f] only partially covers this bridge
May 23 21:40:20 gboucett kernel: PCI host bridge to bus 0000:00
May 23 21:40:20 gboucett kernel: pci_bus 0000:00: root bus resource [io  0x0000-0x0cf7 window]
May 23 21:40:20 gboucett kernel: pci_bus 0000:00: root bus resource [io  0x0d00-0xffff window]
May 23 21:40:20 gboucett kernel: pci_bus 0000:00: root bus resource [mem 0x000a0000-0x000bffff window]
May 23 21:40:20 gboucett kernel: pci_bus 0000:00: root bus resource [mem 0xdc000000-0xfdffffff window]
May 23 21:40:20 gboucett kernel: pci_bus 0000:00: root bus resource [mem 0x424000000-0xfffffffff pref window]
May 23 21:40:20 gboucett kernel: pci_bus 0000:00: root bus resource [bus 00-ff]
May 23 21:40:20 gboucett kernel: pci 0000:00:02.0: [15ad:0405] type 00 class 0x030000
May 23 21:40:20 gboucett kernel: pci 0000:00:02.0: reg 0x10: [io  0xd000-0xd00f]
May 23 21:40:20 gboucett kernel: pci 0000:00:02.0: reg 0x14: [mem 0xe0000000-0xe7ffffff pref]
May 23 21:40:20 gboucett kernel: pci 0000:00:02.0: reg 0x18: [mem 0xe8000000-0xe81fffff]
May 23 21:40:20 gboucett kernel: pci 0000:00:02.0: Video device with shadowed ROM at [mem 0x000c0000-0x000dffff]
May 23 21:40:20 gboucett kernel: pci 0000:00:03.0: [8086:100e] type 00 class 0x020000
May 23 21:40:20 gboucett kernel: pci 0000:00:03.0: reg 0x10: [mem 0xe8200000-0xe821ffff]
May 23 21:40:20 gboucett kernel: pci 0000:00:03.0: reg 0x18: [io  0xd010-0xd017]
May 23 21:40:20 gboucett kernel: pci 0000:00:04.0: [80ee:cafe] type 00 class 0x088000
May 23 21:40:20 gboucett kernel: pci 0000:00:04.0: reg 0x10: [io  0xd020-0xd03f]
May 23 21:40:20 gboucett kernel: pci 0000:00:04.0: reg 0x14: [mem 0xe8400000-0xe87fffff]
May 23 21:40:20 gboucett kernel: pci 0000:00:04.0: reg 0x18: [mem 0xe8800000-0xe8803fff pref]
May 23 21:40:20 gboucett kernel: pci 0000:00:05.0: [8086:2415] type 00 class 0x040100
May 23 21:40:20 gboucett kernel: pci 0000:00:05.0: reg 0x10: [io  0xd100-0xd1ff]
May 23 21:40:20 gboucett kernel: pci 0000:00:05.0: reg 0x14: [io  0xd200-0xd23f]
May 23 21:40:20 gboucett kernel: pci 0000:00:07.0: [8086:7113] type 00 class 0x068000
May 23 21:40:20 gboucett kernel: pci 0000:00:07.0: quirk: [io  0x4000-0x403f] claimed by PIIX4 ACPI
May 23 21:40:20 gboucett kernel: pci 0000:00:07.0: quirk: [io  0x4100-0x410f] claimed by PIIX4 SMB
May 23 21:40:20 gboucett kernel: pci 0000:00:1f.0: [8086:27b9] type 00 class 0x060100
May 23 21:40:20 gboucett kernel: pci 0000:00:1f.0: quirk: [io  0x8000-0x807f] claimed by ICH6 ACPI/GPIO/TCO
May 23 21:40:20 gboucett kernel: pci 0000:00:1f.1: [8086:7111] type 00 class 0x01018a
May 23 21:40:20 gboucett kernel: pci 0000:00:1f.1: reg 0x20: [io  0xd240-0xd24f]
May 23 21:40:20 gboucett kernel: pci 0000:00:1f.1: legacy IDE quirk: reg 0x10: [io  0x01f0-0x01f7]
May 23 21:40:20 gboucett kernel: pci 0000:00:1f.1: legacy IDE quirk: reg 0x14: [io  0x03f6]
May 23 21:40:20 gboucett kernel: pci 0000:00:1f.1: legacy IDE quirk: reg 0x18: [io  0x0170-0x0177]
May 23 21:40:20 gboucett kernel: pci 0000:00:1f.1: legacy IDE quirk: reg 0x1c: [io  0x0376]
May 23 21:40:20 gboucett kernel: pci 0000:00:1f.2: [8086:2829] type 00 class 0x010601
May 23 21:40:20 gboucett kernel: pci 0000:00:1f.2: reg 0x10: [io  0xd250-0xd257]
May 23 21:40:20 gboucett kernel: pci 0000:00:1f.2: reg 0x14: [io  0xd258-0xd25b]
May 23 21:40:20 gboucett kernel: pci 0000:00:1f.2: reg 0x18: [io  0xd260-0xd267]
May 23 21:40:20 gboucett kernel: pci 0000:00:1f.2: reg 0x1c: [io  0xd268-0xd26b]
May 23 21:40:20 gboucett kernel: pci 0000:00:1f.2: reg 0x20: [io  0xd270-0xd27f]
May 23 21:40:20 gboucett kernel: pci 0000:00:1f.2: reg 0x24: [mem 0xe8804000-0xe8805fff]
May 23 21:40:20 gboucett kernel: pci 0000:00:1f.4: [106b:003f] type 00 class 0x0c0310
May 23 21:40:20 gboucett kernel: pci 0000:00:1f.4: reg 0x10: [mem 0xe8806000-0xe8806fff]
May 23 21:40:20 gboucett kernel: pci 0000:00:1f.5: [8086:265c] type 00 class 0x0c0320
May 23 21:40:20 gboucett kernel: pci 0000:00:1f.5: reg 0x10: [mem 0xe8807000-0xe8807fff]
May 23 21:40:20 gboucett kernel: ACPI: PCI: Interrupt link LNKA configured for IRQ 11
May 23 21:40:20 gboucett kernel: ACPI: PCI: Interrupt link LNKA disabled
May 23 21:40:20 gboucett kernel: ACPI: PCI: Interrupt link LNKB configured for IRQ 9
May 23 21:40:20 gboucett kernel: ACPI: PCI: Interrupt link LNKB disabled
May 23 21:40:20 gboucett kernel: ACPI: PCI: Interrupt link LNKC configured for IRQ 11
May 23 21:40:20 gboucett kernel: ACPI: PCI: Interrupt link LNKC disabled
May 23 21:40:20 gboucett kernel: ACPI: PCI: Interrupt link LNKD configured for IRQ 11
May 23 21:40:20 gboucett kernel: ACPI: PCI: Interrupt link LNKD disabled
May 23 21:40:20 gboucett kernel: iommu: Default domain type: Translated 
May 23 21:40:20 gboucett kernel: iommu: DMA domain TLB invalidation policy: lazy mode 
May 23 21:40:20 gboucett kernel: SCSI subsystem initialized
May 23 21:40:20 gboucett kernel: libata version 3.00 loaded.
May 23 21:40:20 gboucett kernel: ACPI: bus type USB registered
May 23 21:40:20 gboucett kernel: usbcore: registered new interface driver usbfs
May 23 21:40:20 gboucett kernel: usbcore: registered new interface driver hub
May 23 21:40:20 gboucett kernel: usbcore: registered new device driver usb
May 23 21:40:20 gboucett kernel: pps_core: LinuxPPS API ver. 1 registered
May 23 21:40:20 gboucett kernel: pps_core: Software ver. 5.3.6 - Copyright 2005-2007 Rodolfo Giometti <giometti@linux.it>
May 23 21:40:20 gboucett kernel: PTP clock support registered
May 23 21:40:20 gboucett kernel: Advanced Linux Sound Architecture Driver Initialized.
May 23 21:40:20 gboucett kernel: NetLabel: Initializing
May 23 21:40:20 gboucett kernel: NetLabel:  domain hash size = 128
May 23 21:40:20 gboucett kernel: NetLabel:  protocols = UNLABELED CIPSOv4 CALIPSO
May 23 21:40:20 gboucett kernel: NetLabel:  unlabeled traffic allowed by default
May 23 21:40:20 gboucett kernel: PCI: Using ACPI for IRQ routing
May 23 21:40:20 gboucett kernel: PCI: pci_cache_line_size set to 64 bytes
May 23 21:40:20 gboucett kernel: e820: reserve RAM buffer [mem 0x0009fc00-0x0009ffff]
May 23 21:40:20 gboucett kernel: e820: reserve RAM buffer [mem 0xdbff0000-0xdbffffff]
May 23 21:40:20 gboucett kernel: pci 0000:00:02.0: vgaarb: setting as boot VGA device
May 23 21:40:20 gboucett kernel: pci 0000:00:02.0: vgaarb: bridge control possible
May 23 21:40:20 gboucett kernel: pci 0000:00:02.0: vgaarb: VGA device added: decodes=io+mem,owns=io+mem,locks=none
May 23 21:40:20 gboucett kernel: vgaarb: loaded
May 23 21:40:20 gboucett kernel: hpet0: at MMIO 0xfed00000, IRQs 2, 8, 0, 0
May 23 21:40:20 gboucett kernel: hpet0: 4 comparators, 64-bit 14.318180 MHz counter
May 23 21:40:20 gboucett kernel: clocksource: Switched to clocksource kvm-clock
May 23 21:40:20 gboucett kernel: VFS: Disk quotas dquot_6.6.0
May 23 21:40:20 gboucett kernel: VFS: Dquot-cache hash table entries: 512 (order 0, 4096 bytes)
May 23 21:40:20 gboucett kernel: pnp: PnP ACPI init
May 23 21:40:20 gboucett kernel: system 00:03: [mem 0xfed00000-0xfed003ff] has been reserved
May 23 21:40:20 gboucett kernel: system 00:04: [mem 0xdc000000-0xdfffffff] has been reserved
May 23 21:40:20 gboucett kernel: pnp: PnP ACPI: found 5 devices
May 23 21:40:20 gboucett kernel: clocksource: acpi_pm: mask: 0xffffff max_cycles: 0xffffff, max_idle_ns: 2085701024 ns
May 23 21:40:20 gboucett kernel: NET: Registered PF_INET protocol family
May 23 21:40:20 gboucett kernel: IP idents hash table entries: 262144 (order: 9, 2097152 bytes, linear)
May 23 21:40:20 gboucett kernel: tcp_listen_portaddr_hash hash table entries: 8192 (order: 5, 131072 bytes, linear)
May 23 21:40:20 gboucett kernel: TCP established hash table entries: 131072 (order: 8, 1048576 bytes, linear)
May 23 21:40:20 gboucett kernel: TCP bind hash table entries: 65536 (order: 8, 1048576 bytes, linear)
May 23 21:40:20 gboucett kernel: TCP: Hash tables configured (established 131072 bind 65536)
May 23 21:40:20 gboucett kernel: UDP hash table entries: 8192 (order: 6, 262144 bytes, linear)
May 23 21:40:20 gboucett kernel: UDP-Lite hash table entries: 8192 (order: 6, 262144 bytes, linear)
May 23 21:40:20 gboucett kernel: NET: Registered PF_UNIX/PF_LOCAL protocol family
May 23 21:40:20 gboucett kernel: RPC: Registered named UNIX socket transport module.
May 23 21:40:20 gboucett kernel: RPC: Registered udp transport module.
May 23 21:40:20 gboucett kernel: RPC: Registered tcp transport module.
May 23 21:40:20 gboucett kernel: RPC: Registered tcp NFSv4.1 backchannel transport module.
May 23 21:40:20 gboucett kernel: pci_bus 0000:00: resource 4 [io  0x0000-0x0cf7 window]
May 23 21:40:20 gboucett kernel: pci_bus 0000:00: resource 5 [io  0x0d00-0xffff window]
May 23 21:40:20 gboucett kernel: pci_bus 0000:00: resource 6 [mem 0x000a0000-0x000bffff window]
May 23 21:40:20 gboucett kernel: pci_bus 0000:00: resource 7 [mem 0xdc000000-0xfdffffff window]
May 23 21:40:20 gboucett kernel: pci_bus 0000:00: resource 8 [mem 0x424000000-0xfffffffff pref window]
May 23 21:40:20 gboucett kernel: PCI: CLS 0 bytes, default 64
May 23 21:40:20 gboucett kernel: PCI-DMA: Using software bounce buffering for IO (SWIOTLB)
May 23 21:40:20 gboucett kernel: software IO TLB: mapped [mem 0x00000000d7ff0000-0x00000000dbff0000] (64MB)
May 23 21:40:20 gboucett kernel: clocksource: tsc: mask: 0xffffffffffffffff max_cycles: 0x6aaaabc71c7, max_idle_ns: 881590412124 ns
May 23 21:40:20 gboucett kernel: clocksource: Switched to clocksource tsc
May 23 21:40:20 gboucett kernel: Initialise system trusted keyrings
May 23 21:40:20 gboucett kernel: workingset: timestamp_bits=56 max_order=22 bucket_order=0
May 23 21:40:20 gboucett kernel: NFS: Registering the id_resolver key type
May 23 21:40:20 gboucett kernel: Key type id_resolver registered
May 23 21:40:20 gboucett kernel: Key type id_legacy registered
May 23 21:40:20 gboucett kernel: 9p: Installing v9fs 9p2000 file system support
May 23 21:40:20 gboucett kernel: Key type asymmetric registered
May 23 21:40:20 gboucett kernel: Asymmetric key parser 'x509' registered
May 23 21:40:20 gboucett kernel: Block layer SCSI generic (bsg) driver version 0.4 loaded (major 251)
May 23 21:40:20 gboucett kernel: io scheduler mq-deadline registered
May 23 21:40:20 gboucett kernel: io scheduler kyber registered
May 23 21:40:20 gboucett kernel: ACPI: AC: AC Adapter [AC] (on-line)
May 23 21:40:20 gboucett kernel: input: Power Button as /devices/LNXSYSTM:00/LNXPWRBN:00/input/input0
May 23 21:40:20 gboucett kernel: ACPI: button: Power Button [PWRF]
May 23 21:40:20 gboucett kernel: input: Sleep Button as /devices/LNXSYSTM:00/LNXSLPBN:00/input/input1
May 23 21:40:20 gboucett kernel: ACPI: button: Sleep Button [SLPF]
May 23 21:40:20 gboucett kernel: ACPI: video: Video Device [GFX0] (multi-head: yes  rom: no  post: no)
May 23 21:40:20 gboucett kernel: input: Video Bus as /devices/LNXSYSTM:00/LNXSYBUS:00/PNP0A03:00/LNXVIDEO:00/input/input2
May 23 21:40:20 gboucett kernel: Serial: 8250/16550 driver, 4 ports, IRQ sharing enabled
May 23 21:40:20 gboucett kernel: ACPI: battery: Slot [BAT0] (battery present)
May 23 21:40:20 gboucett kernel: Non-volatile memory driver v1.3
May 23 21:40:20 gboucett kernel: Linux agpgart interface v0.103
May 23 21:40:20 gboucett kernel: ACPI: bus type drm_connector registered
May 23 21:40:20 gboucett kernel: loop: module loaded
May 23 21:40:20 gboucett kernel: ahci 0000:00:1f.2: version 3.0
May 23 21:40:20 gboucett kernel: ahci 0000:00:1f.2: SSS flag set, parallel bus scan disabled
May 23 21:40:20 gboucett kernel: ahci 0000:00:1f.2: AHCI 0001.0100 32 slots 3 ports 3 Gbps 0x7 impl SATA mode
May 23 21:40:20 gboucett kernel: ahci 0000:00:1f.2: flags: 64bit ncq stag only ccc 
May 23 21:40:20 gboucett kernel: scsi host0: ahci
May 23 21:40:20 gboucett kernel: scsi host1: ahci
May 23 21:40:20 gboucett kernel: scsi host2: ahci
May 23 21:40:20 gboucett kernel: ata1: SATA max UDMA/133 abar m8192@0xe8804000 port 0xe8804100 irq 24
May 23 21:40:20 gboucett kernel: ata2: SATA max UDMA/133 abar m8192@0xe8804000 port 0xe8804180 irq 24
May 23 21:40:20 gboucett kernel: ata3: SATA max UDMA/133 abar m8192@0xe8804000 port 0xe8804200 irq 24
May 23 21:40:20 gboucett kernel: ata_piix 0000:00:1f.1: version 2.13
May 23 21:40:20 gboucett kernel: scsi host3: ata_piix
May 23 21:40:20 gboucett kernel: scsi host4: ata_piix
May 23 21:40:20 gboucett kernel: ata4: PATA max UDMA/33 cmd 0x1f0 ctl 0x3f6 bmdma 0xd240 irq 14
May 23 21:40:20 gboucett kernel: ata5: PATA max UDMA/33 cmd 0x170 ctl 0x376 bmdma 0xd248 irq 15
May 23 21:40:20 gboucett kernel: e100: Intel(R) PRO/100 Network Driver
May 23 21:40:20 gboucett kernel: e100: Copyright(c) 1999-2006 Intel Corporation
May 23 21:40:20 gboucett kernel: e1000: Intel(R) PRO/1000 Network Driver
May 23 21:40:20 gboucett kernel: e1000: Copyright (c) 1999-2006 Intel Corporation.
May 23 21:40:20 gboucett kernel: e1000 0000:00:03.0 eth0: (PCI:33MHz:32-bit) 08:00:27:40:2b:9a
May 23 21:40:20 gboucett kernel: e1000 0000:00:03.0 eth0: Intel(R) PRO/1000 Network Connection
May 23 21:40:20 gboucett kernel: e1000e: Intel(R) PRO/1000 Network Driver
May 23 21:40:20 gboucett kernel: e1000e: Copyright(c) 1999 - 2015 Intel Corporation.
May 23 21:40:20 gboucett kernel: sky2: driver version 1.30
May 23 21:40:20 gboucett kernel: ehci_hcd: USB 2.0 'Enhanced' Host Controller (EHCI) Driver
May 23 21:40:20 gboucett kernel: ehci-pci: EHCI PCI platform driver
May 23 21:40:20 gboucett kernel: ehci-pci 0000:00:1f.5: EHCI Host Controller
May 23 21:40:20 gboucett kernel: ehci-pci 0000:00:1f.5: new USB bus registered, assigned bus number 1
May 23 21:40:20 gboucett kernel: ehci-pci 0000:00:1f.5: irq 25, io mem 0xe8807000
May 23 21:40:20 gboucett kernel: ehci-pci 0000:00:1f.5: USB 2.0 started, EHCI 1.00
May 23 21:40:20 gboucett kernel: usb usb1: New USB device found, idVendor=1d6b, idProduct=0002, bcdDevice= 5.18
May 23 21:40:20 gboucett kernel: usb usb1: New USB device strings: Mfr=3, Product=2, SerialNumber=1
May 23 21:40:20 gboucett kernel: usb usb1: Product: EHCI Host Controller
May 23 21:40:20 gboucett kernel: usb usb1: Manufacturer: Linux 5.18.0-thor_kernelgboucett-00161-g1e57930e9f40-dirty ehci_hcd
May 23 21:40:20 gboucett kernel: usb usb1: SerialNumber: 0000:00:1f.5
May 23 21:40:20 gboucett kernel: hub 1-0:1.0: USB hub found
May 23 21:40:20 gboucett kernel: hub 1-0:1.0: 12 ports detected
May 23 21:40:20 gboucett kernel: ohci_hcd: USB 1.1 'Open' Host Controller (OHCI) Driver
May 23 21:40:20 gboucett kernel: ohci-pci: OHCI PCI platform driver
May 23 21:40:20 gboucett kernel: ohci-pci 0000:00:1f.4: OHCI PCI host controller
May 23 21:40:20 gboucett kernel: ohci-pci 0000:00:1f.4: new USB bus registered, assigned bus number 2
May 23 21:40:20 gboucett kernel: ohci-pci 0000:00:1f.4: irq 26, io mem 0xe8806000
May 23 21:40:20 gboucett kernel: ata5.00: ATAPI: VBOX CD-ROM, 1.0, max UDMA/133
May 23 21:40:20 gboucett kernel: usb usb2: New USB device found, idVendor=1d6b, idProduct=0001, bcdDevice= 5.18
May 23 21:40:20 gboucett kernel: usb usb2: New USB device strings: Mfr=3, Product=2, SerialNumber=1
May 23 21:40:20 gboucett kernel: usb usb2: Product: OHCI PCI host controller
May 23 21:40:20 gboucett kernel: usb usb2: Manufacturer: Linux 5.18.0-thor_kernelgboucett-00161-g1e57930e9f40-dirty ohci_hcd
May 23 21:40:20 gboucett kernel: usb usb2: SerialNumber: 0000:00:1f.4
May 23 21:40:20 gboucett kernel: hub 2-0:1.0: USB hub found
May 23 21:40:20 gboucett kernel: hub 2-0:1.0: 12 ports detected
May 23 21:40:20 gboucett kernel: uhci_hcd: USB Universal Host Controller Interface driver
May 23 21:40:20 gboucett kernel: usbcore: registered new interface driver usblp
May 23 21:40:20 gboucett kernel: usbcore: registered new interface driver usb-storage
May 23 21:40:20 gboucett kernel: i8042: PNP: PS/2 Controller [PNP0303:PS2K,PNP0f03:PS2M] at 0x60,0x64 irq 1,12
May 23 21:40:20 gboucett kernel: serio: i8042 KBD port at 0x60,0x64 irq 1
May 23 21:40:20 gboucett kernel: serio: i8042 AUX port at 0x60,0x64 irq 12
May 23 21:40:20 gboucett kernel: input: AT Translated Set 2 keyboard as /devices/platform/i8042/serio0/input/input3
May 23 21:40:20 gboucett kernel: rtc_cmos 00:02: registered as rtc0
May 23 21:40:20 gboucett kernel: rtc_cmos 00:02: alarms up to one day, 114 bytes nvram, hpet irqs
May 23 21:40:20 gboucett kernel: fail to initialize ptp_kvm
May 23 21:40:20 gboucett kernel: device-mapper: ioctl: 4.46.0-ioctl (2022-02-22) initialised: dm-devel@redhat.com
May 23 21:40:20 gboucett kernel: hid: raw HID events driver (C) Jiri Kosina
May 23 21:40:20 gboucett kernel: usbcore: registered new interface driver usbhid
May 23 21:40:20 gboucett kernel: usbhid: USB HID core driver
May 23 21:40:20 gboucett kernel: Initializing XFRM netlink socket
May 23 21:40:20 gboucett kernel: NET: Registered PF_INET6 protocol family
May 23 21:40:20 gboucett kernel: Segment Routing with IPv6
May 23 21:40:20 gboucett kernel: In-situ OAM (IOAM) with IPv6
May 23 21:40:20 gboucett kernel: sit: IPv6, IPv4 and MPLS over IPv4 tunneling driver
May 23 21:40:20 gboucett kernel: NET: Registered PF_PACKET protocol family
May 23 21:40:20 gboucett kernel: 9pnet: Installing 9P2000 support
May 23 21:40:20 gboucett kernel: Key type dns_resolver registered
May 23 21:40:20 gboucett kernel: IPI shorthand broadcast: enabled
May 23 21:40:20 gboucett kernel: sched_clock: Marking stable (755408267, 29006010)->(964987889, -180573612)
May 23 21:40:20 gboucett kernel: registered taskstats version 1
May 23 21:40:20 gboucett kernel: Loading compiled-in X.509 certificates
May 23 21:40:20 gboucett kernel: cryptomgr_test (91) used greatest stack depth: 15368 bytes left
May 23 21:40:20 gboucett kernel: PM:   Magic number: 6:85:703
May 23 21:40:20 gboucett kernel: printk: console [netcon0] enabled
May 23 21:40:20 gboucett kernel: netconsole: network logging started
May 23 21:40:20 gboucett kernel: cfg80211: Loading compiled-in X.509 certificates for regulatory database
May 23 21:40:20 gboucett kernel: kworker/u16:6 (114) used greatest stack depth: 14736 bytes left
May 23 21:40:20 gboucett kernel: cfg80211: Loaded X.509 cert 'sforshee: 00b28ddf47aef9cea7'
May 23 21:40:20 gboucett kernel: platform regulatory.0: Direct firmware load for regulatory.db failed with error -2
May 23 21:40:20 gboucett kernel: cfg80211: failed to load regulatory.db
May 23 21:40:20 gboucett kernel: ALSA device list:
May 23 21:40:20 gboucett kernel:   No soundcards found.
May 23 21:40:20 gboucett kernel: ata1: SATA link down (SStatus 0 SControl 300)
May 23 21:40:20 gboucett kernel: input: ImExPS/2 Generic Explorer Mouse as /devices/platform/i8042/serio1/input/input5
May 23 21:40:20 gboucett kernel: usb 2-1: new full-speed USB device number 2 using ohci-pci
May 23 21:40:20 gboucett kernel: ata2: SATA link up 3.0 Gbps (SStatus 123 SControl 300)
May 23 21:40:20 gboucett kernel: ata2.00: ATA-6: VBOX HARDDISK, 1.0, max UDMA/133
May 23 21:40:20 gboucett kernel: ata2.00: 67108864 sectors, multi 128: LBA48 NCQ (depth 32)
May 23 21:40:20 gboucett kernel: ata2.00: configured for UDMA/133
May 23 21:40:20 gboucett kernel: scsi 1:0:0:0: Direct-Access     ATA      VBOX HARDDISK    1.0  PQ: 0 ANSI: 5
May 23 21:40:20 gboucett kernel: sd 1:0:0:0: Attached scsi generic sg0 type 0
May 23 21:40:20 gboucett kernel: sd 1:0:0:0: [sda] 67108864 512-byte logical blocks: (34.4 GB/32.0 GiB)
May 23 21:40:20 gboucett kernel: sd 1:0:0:0: [sda] Write Protect is off
May 23 21:40:20 gboucett kernel: sd 1:0:0:0: [sda] Mode Sense: 00 3a 00 00
May 23 21:40:20 gboucett kernel: sd 1:0:0:0: [sda] Write cache: enabled, read cache: enabled, doesn't support DPO or FUA
May 23 21:40:20 gboucett kernel:  sda: sda1 sda2 sda3
May 23 21:40:20 gboucett kernel: sd 1:0:0:0: [sda] Attached SCSI disk
May 23 21:40:20 gboucett kernel: usb 2-1: New USB device found, idVendor=80ee, idProduct=0021, bcdDevice= 1.00
May 23 21:40:20 gboucett kernel: usb 2-1: New USB device strings: Mfr=1, Product=3, SerialNumber=0
May 23 21:40:20 gboucett kernel: usb 2-1: Product: USB Tablet
May 23 21:40:20 gboucett kernel: usb 2-1: Manufacturer: VirtualBox
May 23 21:40:20 gboucett kernel: input: VirtualBox USB Tablet as /devices/pci0000:00/0000:00:1f.4/usb2/2-1/2-1:1.0/0003:80EE:0021.0001/input/input6
May 23 21:40:20 gboucett kernel: hid-generic 0003:80EE:0021.0001: input,hidraw0: USB HID v1.10 Mouse [VirtualBox USB Tablet] on usb-0000:00:1f.4-1/input0
May 23 21:40:20 gboucett kernel: ata3: SATA link up 3.0 Gbps (SStatus 123 SControl 300)
May 23 21:40:20 gboucett kernel: ata3.00: ATA-6: VBOX HARDDISK, 1.0, max UDMA/133
May 23 21:40:20 gboucett kernel: ata3.00: 52256320 sectors, multi 128: LBA48 NCQ (depth 32)
May 23 21:40:20 gboucett kernel: ata3.00: configured for UDMA/133
May 23 21:40:20 gboucett kernel: scsi 2:0:0:0: Direct-Access     ATA      VBOX HARDDISK    1.0  PQ: 0 ANSI: 5
May 23 21:40:20 gboucett kernel: sd 2:0:0:0: Attached scsi generic sg1 type 0
May 23 21:40:20 gboucett kernel: sd 2:0:0:0: [sdb] 52256320 512-byte logical blocks: (26.8 GB/24.9 GiB)
May 23 21:40:20 gboucett kernel: scsi 4:0:0:0: CD-ROM            VBOX     CD-ROM           1.0  PQ: 0 ANSI: 5
May 23 21:40:20 gboucett kernel: sd 2:0:0:0: [sdb] Write Protect is off
May 23 21:40:20 gboucett kernel: sd 2:0:0:0: [sdb] Mode Sense: 00 3a 00 00
May 23 21:40:20 gboucett kernel: sd 2:0:0:0: [sdb] Write cache: enabled, read cache: enabled, doesn't support DPO or FUA
May 23 21:40:20 gboucett kernel: sr 4:0:0:0: [sr0] scsi3-mmc drive: 32x/32x xa/form2 tray
May 23 21:40:20 gboucett kernel: cdrom: Uniform CD-ROM driver Revision: 3.20
May 23 21:40:20 gboucett kernel: sr 4:0:0:0: Attached scsi CD-ROM sr0
May 23 21:40:20 gboucett kernel: sr 4:0:0:0: Attached scsi generic sg2 type 5
May 23 21:40:20 gboucett kernel:  sdb: sdb1
May 23 21:40:20 gboucett kernel: sd 2:0:0:0: [sdb] Attached SCSI disk
May 23 21:40:20 gboucett kernel: md: Waiting for all devices to be available before autodetect
May 23 21:40:20 gboucett kernel: md: If you don't use raid, use raid=noautodetect
May 23 21:40:20 gboucett kernel: md: Autodetecting RAID arrays.
May 23 21:40:20 gboucett kernel: md: autorun ...
May 23 21:40:20 gboucett kernel: md: ... autorun DONE.
May 23 21:40:20 gboucett kernel: EXT4-fs (sda3): mounted filesystem with ordered data mode. Quota mode: none.
May 23 21:40:20 gboucett kernel: VFS: Mounted root (ext4 filesystem) readonly on device 8:3.
May 23 21:40:20 gboucett kernel: devtmpfs: mounted
May 23 21:40:20 gboucett kernel: Freeing unused kernel image (initmem) memory: 1272K
May 23 21:40:20 gboucett kernel: Write protecting the kernel read-only data: 24576k
May 23 21:40:20 gboucett kernel: Freeing unused kernel image (text/rodata gap) memory: 2032K
May 23 21:40:20 gboucett kernel: Freeing unused kernel image (rodata/data gap) memory: 1060K
May 23 21:40:20 gboucett kernel: Run /sbin/init as init process
May 23 21:40:20 gboucett kernel:   with arguments:
May 23 21:40:20 gboucett kernel:     /sbin/init
May 23 21:40:20 gboucett kernel:   with environment:
May 23 21:40:20 gboucett kernel:     HOME=/
May 23 21:40:20 gboucett kernel:     TERM=linux
May 23 21:40:20 gboucett kernel:     BOOT_IMAGE=/vmlinuz-5.18-gboucett
May 23 21:40:20 gboucett kernel: random: fast init done
May 23 21:40:20 gboucett systemd[1]: RTC configured in localtime, applying delta of 120 minutes to system time.
May 23 21:40:20 gboucett systemd[1]: systemd 250 running in system mode (-PAM -AUDIT -SELINUX -APPARMOR +IMA +SMACK -SECCOMP -GCRYPT -GNUTLS +OPENSSL +ACL +BLKID -CURL -ELFUTILS -FIDO2 -IDN2 -IDN -IPTC +KMOD -LIBCRYPTSETUP +LIBFDISK -PCRE2 -PWQUALITY -P11KIT -QRENCODE +BZIP2 -LZ4 +XZ +ZLIB +ZSTD -BPF_FRAMEWORK -XKBCOMMON +UTMP +SYSVINIT default-hierarchy=unified)
May 23 21:40:20 gboucett systemd[1]: Detected virtualization oracle.
May 23 21:40:20 gboucett systemd[1]: Detected architecture x86-64.
May 23 21:40:20 gboucett systemd[1]: Hostname set to <gboucett>.
May 23 21:40:20 gboucett kernel: systemd-rc-loca (133) used greatest stack depth: 13600 bytes left
May 23 21:40:20 gboucett kernel: systemd-hiberna (132) used greatest stack depth: 13408 bytes left
May 23 21:40:20 gboucett systemd[1]: Queued start job for default target Graphical Interface.
May 23 21:40:20 gboucett systemd[1]: Created slice Slice /system/getty.
May 23 21:40:20 gboucett systemd[1]: Created slice Slice /system/modprobe.
May 23 21:40:20 gboucett systemd[1]: Created slice Slice /system/systemd-fsck.
May 23 21:40:20 gboucett systemd[1]: Created slice User and Session Slice.
May 23 21:40:20 gboucett systemd[1]: Started Dispatch Password Requests to Console Directory Watch.
May 23 21:40:20 gboucett systemd[1]: Started Forward Password Requests to Wall Directory Watch.
May 23 21:40:20 gboucett systemd[1]: Set up automount Arbitrary Executable File Formats File System Automount Point.
May 23 21:40:20 gboucett systemd[1]: Reached target Path Units.
May 23 21:40:20 gboucett systemd[1]: Reached target Remote File Systems.
May 23 21:40:20 gboucett systemd[1]: Reached target Slice Units.
May 23 21:40:20 gboucett systemd[1]: Listening on Process Core Dump Socket.
May 23 21:40:20 gboucett systemd[1]: Listening on initctl Compatibility Named Pipe.
May 23 21:40:20 gboucett systemd[1]: Listening on Journal Audit Socket.
May 23 21:40:20 gboucett systemd[1]: Listening on Journal Socket (/dev/log).
May 23 21:40:20 gboucett systemd[1]: Listening on Journal Socket.
May 23 21:40:20 gboucett systemd[1]: Listening on Network Service Netlink Socket.
May 23 21:40:20 gboucett systemd[1]: Listening on Userspace Out-Of-Memory (OOM) Killer Socket.
May 23 21:40:20 gboucett systemd[1]: Listening on udev Control Socket.
May 23 21:40:20 gboucett systemd[1]: Listening on udev Kernel Socket.
May 23 21:40:20 gboucett systemd[1]: Mounting Huge Pages File System...
May 23 21:40:20 gboucett systemd[1]: Mounting POSIX Message Queue File System...
May 23 21:40:20 gboucett systemd[1]: Mounting Kernel Debug File System...
May 23 21:40:20 gboucett systemd[1]: Mounting Kernel Trace File System...
May 23 21:40:20 gboucett kernel: random: crng init done
May 23 21:40:20 gboucett systemd[1]: Create List of Static Device Nodes was skipped because of a failed condition check (ConditionFileNotEmpty=/lib/modules/5.18.0-thor_kernelgboucett-00161-g1e57930e9f40-dirty/modules.devname).
May 23 21:40:20 gboucett systemd[1]: Starting Load Kernel Module configfs...
May 23 21:40:20 gboucett systemd[1]: Starting Load Kernel Module drm...
May 23 21:40:20 gboucett systemd[1]: Starting Load Kernel Module fuse...
May 23 21:40:20 gboucett systemd[1]: Starting File System Check on Root Device...
May 23 21:40:20 gboucett systemd[1]: systemd-journald.service: unit configures an IP firewall, but the local system does not support BPF/cgroup firewalling.
May 23 21:40:20 gboucett systemd[1]: (This warning is only shown for the first unit using IP firewalling.)
May 23 21:40:20 gboucett systemd[1]: Starting Journal Service...
May 23 21:40:20 gboucett systemd[1]: Load Kernel Modules was skipped because all trigger condition checks failed.
May 23 21:40:20 gboucett systemd[1]: Starting Generate network units from Kernel command line...
May 23 21:40:20 gboucett systemd[1]: Repartition Root Disk was skipped because all trigger condition checks failed.
May 23 21:40:20 gboucett systemd[1]: Starting Apply Kernel Variables...
May 23 21:40:20 gboucett systemd[1]: Starting Create Static Device Nodes in /dev...
May 23 21:40:20 gboucett systemd[1]: Starting Coldplug All udev Devices...
May 23 21:40:20 gboucett systemd[1]: Mounted Huge Pages File System.
May 23 21:40:20 gboucett systemd[1]: Mounted POSIX Message Queue File System.
May 23 21:40:20 gboucett systemd[1]: Mounted Kernel Debug File System.
May 23 21:40:20 gboucett systemd[1]: Mounted Kernel Trace File System.
May 23 21:40:20 gboucett systemd[1]: Finished Generate network units from Kernel command line.
May 23 21:40:20 gboucett systemd[1]: Reached target Preparation for Network.
May 23 21:40:20 gboucett systemd-journald[149]: Journal started
May 23 21:40:20 gboucett systemd-journald[149]: Runtime Journal (/run/log/journal/05a678fba7dc49f5aa9637e3260d56aa) is 8.0M, max 320.0M, 312.0M free.
May 23 21:40:20 gboucett systemd[1]: Started Journal Service.
May 23 21:40:20 gboucett systemd[1]: Finished Coldplug All udev Devices.
May 23 21:40:20 gboucett systemd[1]: modprobe@configfs.service: Deactivated successfully.
May 23 21:40:20 gboucett systemd[1]: Finished Load Kernel Module configfs.
May 23 21:40:20 gboucett systemd[1]: modprobe@drm.service: Deactivated successfully.
May 23 21:40:20 gboucett systemd[1]: Finished Load Kernel Module drm.
May 23 21:40:20 gboucett kernel: modprobe (146) used greatest stack depth: 13048 bytes left
May 23 21:40:20 gboucett systemd[1]: modprobe@fuse.service: Deactivated successfully.
May 23 21:40:20 gboucett systemd[1]: Finished Load Kernel Module fuse.
May 23 21:40:20 gboucett systemd[1]: Finished Apply Kernel Variables.
May 23 21:40:20 gboucett systemd[1]: FUSE Control File System was skipped because of a failed condition check (ConditionPathExists=/sys/fs/fuse/connections).
May 23 21:40:20 gboucett systemd[1]: Kernel Configuration File System was skipped because of a failed condition check (ConditionPathExists=/sys/kernel/config).
May 23 21:40:20 gboucett systemd-fsck[155]: /dev/sda3: clean, 687522/1931120 files, 7385122/7800064 blocks
May 23 21:40:20 gboucett systemd[1]: Finished File System Check on Root Device.
May 23 21:40:20 gboucett systemd[1]: Starting Remount Root and Kernel File Systems...
May 23 21:40:20 gboucett systemd[1]: Finished Create Static Device Nodes in /dev.
May 23 21:40:20 gboucett kernel: EXT4-fs (sda3): re-mounted. Quota mode: none.
May 23 21:40:20 gboucett systemd[1]: Finished Remount Root and Kernel File Systems.
May 23 21:40:20 gboucett systemd[1]: Reached target Preparation for Local File Systems.
May 23 21:40:20 gboucett systemd[1]: Virtual Machine and Container Storage (Compatibility) was skipped because of a failed condition check (ConditionPathExists=/var/lib/machines.raw).
May 23 21:40:20 gboucett systemd[1]: Reached target Containers.
May 23 21:40:20 gboucett systemd[1]: Rebuild Hardware Database was skipped because of a failed condition check (ConditionNeedsUpdate=/etc).
May 23 21:40:20 gboucett systemd[1]: Starting Flush Journal to Persistent Storage...
May 23 21:40:20 gboucett systemd[1]: Platform Persistent Storage Archival was skipped because of a failed condition check (ConditionDirectoryNotEmpty=/sys/fs/pstore).
May 23 21:40:20 gboucett systemd[1]: Starting Load/Save Random Seed...
May 23 21:40:20 gboucett systemd[1]: Starting Rule-based Manager for Device Events and Files...
May 23 21:40:20 gboucett systemd-journald[149]: Time spent on flushing to /var/log/journal/05a678fba7dc49f5aa9637e3260d56aa is 4.474ms for 547 entries.
May 23 21:40:20 gboucett systemd-journald[149]: System Journal (/var/log/journal/05a678fba7dc49f5aa9637e3260d56aa) is 280.0M, max 280.0M, 0B free.
May 23 21:40:21 gboucett systemd-journald[149]: Received client request to flush runtime journal.
May 23 21:40:21 gboucett systemd-journald[149]: File /var/log/journal/05a678fba7dc49f5aa9637e3260d56aa/system.journal corrupted or uncleanly shut down, renaming and replacing.
May 23 21:40:21 gboucett kernel: e1000: eth0 NIC Link is Up 1000 Mbps Full Duplex, Flow Control: RX
May 23 21:40:21 gboucett kernel: IPv6: ADDRCONF(NETDEV_CHANGE): eth0: link becomes ready
May 23 21:40:20 gboucett systemd[1]: Finished Load/Save Random Seed.
May 23 21:40:20 gboucett systemd[1]: First Boot Complete was skipped because of a failed condition check (ConditionFirstBoot=yes).
May 23 21:40:21 gboucett systemd[1]: Started Rule-based Manager for Device Events and Files.
May 23 21:40:21 gboucett systemd[1]: Starting Network Configuration...
May 23 21:40:21 gboucett systemd[1]: Listening on Load/Save RF Kill Switch Status /dev/rfkill Watch.
May 23 21:40:21 gboucett systemd-udevd[172]: Using default interface naming scheme 'v250'.
May 23 21:40:21 gboucett systemd-networkd[173]: lo: Link UP
May 23 21:40:21 gboucett systemd-networkd[173]: lo: Gained carrier
May 23 21:40:21 gboucett systemd-networkd[173]: Enumeration completed
May 23 21:40:21 gboucett systemd[1]: Started Network Configuration.
May 23 21:40:21 gboucett systemd-networkd[173]: eth0: Link UP
May 23 21:40:21 gboucett systemd-networkd[173]: eth0: Gained carrier
May 23 21:40:21 gboucett systemd-networkd[173]: eth0: DHCPv4 address 10.0.2.15/24, gateway 10.0.2.2 acquired from 10.0.2.2
May 23 21:40:21 gboucett systemd[1]: Found device VBOX_HARDDISK 2.
May 23 21:40:21 gboucett systemd[1]: Starting File System Check on /dev/sda2...
May 23 21:40:21 gboucett systemd[1]: Found device VBOX_HARDDISK 1.
May 23 21:40:21 gboucett systemd[1]: Activating swap /dev/sda1...
May 23 21:40:21 gboucett systemd[1]: Finished Flush Journal to Persistent Storage.
May 23 21:40:21 gboucett kernel: Adding 2097148k swap on /dev/sda1.  Priority:1 extents:1 across:2097148k 
May 23 21:40:21 gboucett systemd[1]: Activated swap /dev/sda1.
May 23 21:40:21 gboucett systemd[1]: Reached target Swaps.
May 23 21:40:21 gboucett systemd-fsck[215]: /dev/sda2: clean, 347/64000 files, 52722/256000 blocks
May 23 21:40:21 gboucett systemd[1]: Mounting Temporary Directory /tmp...
May 23 21:40:21 gboucett systemd[1]: Finished File System Check on /dev/sda2.
May 23 21:40:21 gboucett systemd[1]: Mounted Temporary Directory /tmp.
May 23 21:40:21 gboucett systemd[1]: Mounting /boot...
May 23 21:40:21 gboucett kernel: EXT4-fs (sda2): mounting ext3 file system using the ext4 subsystem
May 23 21:40:21 gboucett systemd[1]: Mounted /boot.
May 23 21:40:21 gboucett systemd[1]: Reached target Local File Systems.
May 23 21:40:21 gboucett kernel: EXT4-fs (sda2): mounted filesystem with ordered data mode. Quota mode: none.
May 23 21:40:21 gboucett kernel: ext3 filesystem being mounted at /boot supports timestamps until 2038 (0x7fffffff)
May 23 21:40:21 gboucett systemd[1]: Set Up Additional Binary Formats was skipped because all trigger condition checks failed.
May 23 21:40:21 gboucett systemd[1]: Commit a transient machine-id on disk was skipped because of a failed condition check (ConditionPathIsMountPoint=/etc/machine-id).
May 23 21:40:21 gboucett systemd[1]: Merge System Extension Images into /usr/ and /opt/ was skipped because all trigger condition checks failed.
May 23 21:40:21 gboucett systemd[1]: Starting Create Volatile Files and Directories...
May 23 21:40:22 gboucett systemd-tmpfiles[222]: Cannot set file attributes for '/var/log/journal', maybe due to incompatibility in specified attributes, previous=0x00080000, current=0x00080000, expected=0x00880000, ignoring.
May 23 21:40:22 gboucett systemd-tmpfiles[222]: Cannot set file attributes for '/var/log/journal/05a678fba7dc49f5aa9637e3260d56aa', maybe due to incompatibility in specified attributes, previous=0x00080000, current=0x00080000, expected=0x00880000, ignoring.
May 23 21:40:22 gboucett systemd[1]: Finished Create Volatile Files and Directories.
May 23 21:40:22 gboucett systemd[1]: Rebuild Journal Catalog was skipped because of a failed condition check (ConditionNeedsUpdate=/var).
May 23 21:40:22 gboucett systemd[1]: Userspace Out-Of-Memory (OOM) Killer was skipped because of a failed condition check (ConditionPathExists=/proc/pressure/memory).
May 23 21:40:22 gboucett systemd[1]: Starting Network Name Resolution...
May 23 21:40:22 gboucett systemd[1]: Starting Network Time Synchronization...
May 23 21:40:22 gboucett systemd[1]: Update is Completed was skipped because all trigger condition checks failed.
May 23 21:40:22 gboucett systemd[1]: Starting Record System Boot/Shutdown in UTMP...
May 23 21:40:22 gboucett systemd[1]: Finished Record System Boot/Shutdown in UTMP.
May 23 21:40:22 gboucett systemd-timesyncd[224]: System clock time unset or jumped backwards, restoring from recorded timestamp: Mon 2022-05-23 23:40:06 CEST
May 23 23:40:06 gboucett systemd-timesyncd[224]: The system is configured to read the RTC time in the local time zone. This mode cannot be fully supported. All system time to RTC updates are disabled.
May 23 23:40:06 gboucett systemd[1]: Started Network Time Synchronization.
May 23 23:40:06 gboucett systemd[1]: Reached target System Initialization.
May 23 23:40:06 gboucett systemd[1]: Started Daily Cleanup of Temporary Directories.
May 23 23:40:06 gboucett systemd[1]: Reached target System Time Set.
May 23 23:40:06 gboucett systemd-resolved[223]: Positive Trust Anchors:
May 23 23:40:06 gboucett systemd[1]: Started Update PKI/TLS certificate store weekly.
May 23 23:40:06 gboucett systemd-resolved[223]: . IN DS 20326 8 2 e06d44b80b8f1d39a95c0b0d7c65d08458e880409bbc683457104237c7f8ec8d
May 23 23:40:06 gboucett systemd-resolved[223]: Negative trust anchors: home.arpa 10.in-addr.arpa 16.172.in-addr.arpa 17.172.in-addr.arpa 18.172.in-addr.arpa 19.172.in-addr.arpa 20.172.in-addr.arpa 21.172.in-addr.arpa 22.172.in-addr.arpa 23.172.in-addr.arpa 24.172.in-addr.arpa 25.172.in-addr.arpa 26.172.in-addr.arpa 27.172.in-addr.arpa 28.172.in-addr.arpa 29.172.in-addr.arpa 30.172.in-addr.arpa 31.172.in-addr.arpa 168.192.in-addr.arpa d.f.ip6.arpa corp home internal intranet lan local private test
May 23 23:40:06 gboucett systemd[1]: Reached target Timer Units.
May 23 23:40:06 gboucett systemd[1]: Listening on D-Bus System Message Bus Socket.
May 23 23:40:06 gboucett systemd[1]: Reached target Socket Units.
May 23 23:40:06 gboucett systemd[1]: Reached target Basic System.
May 23 23:40:06 gboucett systemd[1]: System is tainted: local-hwclock
May 23 23:40:06 gboucett systemd[1]: Started D-Bus System Message Bus.
May 23 23:40:06 gboucett systemd[1]: Starting Name Service Cache Daemon...
May 23 23:40:06 gboucett systemd[1]: Started OpenSSH Daemon.
May 23 23:40:06 gboucett systemd[1]: Starting User Login Management...
May 23 23:40:06 gboucett systemd-logind[230]: Watching system buttons on /dev/input/event0 (Power Button)
May 23 23:40:06 gboucett systemd-logind[230]: Watching system buttons on /dev/input/event1 (Sleep Button)
May 23 23:40:06 gboucett systemd-logind[230]: Watching system buttons on /dev/input/event3 (AT Translated Set 2 keyboard)
May 23 23:40:06 gboucett systemd-logind[230]: New seat seat0.
May 23 23:40:06 gboucett nscd[232]: 232 monitoring file `/etc/passwd` (1)
May 23 23:40:06 gboucett nscd[232]: 232 monitoring directory `/etc` (2)
May 23 23:40:06 gboucett nscd[232]: 232 monitoring file `/etc/group` (3)
May 23 23:40:06 gboucett nscd[232]: 232 monitoring directory `/etc` (2)
May 23 23:40:06 gboucett nscd[232]: 232 monitoring file `/etc/hosts` (4)
May 23 23:40:06 gboucett nscd[232]: 232 monitoring directory `/etc` (2)
May 23 23:40:06 gboucett nscd[232]: 232 disabled inotify-based monitoring for file `/etc/resolv.conf': No such file or directory
May 23 23:40:06 gboucett nscd[232]: 232 stat failed for file `/etc/resolv.conf'; will try again later: No such file or directory
May 23 23:40:06 gboucett nscd[232]: 232 monitoring file `/etc/services` (5)
May 23 23:40:06 gboucett nscd[232]: 232 monitoring directory `/etc` (2)
May 23 23:40:06 gboucett nscd[232]: 232 disabled inotify-based monitoring for file `/etc/netgroup': No such file or directory
May 23 23:40:06 gboucett nscd[232]: 232 stat failed for file `/etc/netgroup'; will try again later: No such file or directory
May 23 23:40:06 gboucett nscd[232]: 232 monitoring file `/etc/nsswitch.conf` (6)
May 23 23:40:06 gboucett nscd[232]: 232 monitoring directory `/etc` (2)
May 23 23:40:06 gboucett nscd[232]: 232 monitoring file `/etc/nsswitch.conf` (6)
May 23 23:40:06 gboucett nscd[232]: 232 monitoring directory `/etc` (2)
May 23 23:40:06 gboucett nscd[232]: 232 monitoring file `/etc/nsswitch.conf` (6)
May 23 23:40:06 gboucett nscd[232]: 232 monitoring directory `/etc` (2)
May 23 23:40:06 gboucett nscd[232]: 232 monitoring file `/etc/nsswitch.conf` (6)
May 23 23:40:06 gboucett nscd[232]: 232 monitoring directory `/etc` (2)
May 23 23:40:06 gboucett nscd[232]: 232 monitoring file `/etc/nsswitch.conf` (6)
May 23 23:40:06 gboucett nscd[232]: 232 monitoring directory `/etc` (2)
May 23 23:40:06 gboucett systemd-resolved[223]: Using system hostname 'gboucett'.
May 23 23:40:06 gboucett systemd[1]: Started Network Name Resolution.
May 23 23:40:06 gboucett systemd[1]: Reached target Network.
May 23 23:40:06 gboucett systemd[1]: Reached target Host and Network Name Lookups.
May 23 23:40:06 gboucett systemd[1]: Starting /etc/rc.local Compatibility...
May 23 23:40:06 gboucett systemd[1]: Started Name Service Cache Daemon.
May 23 23:40:06 gboucett systemd[1]: Started /etc/rc.local Compatibility.
May 23 23:40:06 gboucett sshd[229]: Server listening on 0.0.0.0 port 22.
May 23 23:40:06 gboucett sshd[229]: Server listening on :: port 22.
May 23 23:40:06 gboucett systemd[1]: Started Getty on tty1.
May 23 23:40:06 gboucett systemd[1]: Reached target Login Prompts.
May 23 23:40:06 gboucett systemd[1]: Started User Login Management.
May 23 23:40:06 gboucett systemd[1]: Reached target Multi-User System.
May 23 23:40:06 gboucett systemd[1]: Reached target Graphical Interface.
May 23 23:40:06 gboucett systemd[1]: Starting Record Runlevel Change in UTMP...
May 23 23:40:06 gboucett systemd[1]: systemd-update-utmp-runlevel.service: Deactivated successfully.
May 23 23:40:06 gboucett systemd[1]: Finished Record Runlevel Change in UTMP.
May 23 23:40:06 gboucett systemd[1]: Startup finished in 1.844s (kernel) + 2.425s (userspace) = 4.270s.
May 23 23:40:07 gboucett systemd-networkd[173]: eth0: Gained IPv6LL
May 23 23:40:07 gboucett systemd-timesyncd[224]: Network configuration changed, trying to establish connection.
May 23 23:40:19 gboucett sshd[247]: Accepted password for root from 10.0.2.2 port 1544 ssh2
May 23 23:40:23 gboucett nscd[232]: 232 monitored file `/etc/resolv.conf` changed (mtime)
May 23 23:40:23 gboucett nscd[232]: 232 monitoring file `/etc/resolv.conf` (7)
May 23 23:40:23 gboucett nscd[232]: 232 monitoring directory `/etc` (2)
May 23 23:40:25 gboucett nscd[232]: 232 checking for monitored file `/etc/netgroup': No such file or directory
May 23 23:40:47 gboucett systemd-resolved[223]: Clock change detected. Flushing caches.
May 23 23:40:47 gboucett systemd-timesyncd[224]: Initial synchronization to time server 216.239.35.8:123 (time3.google.com).
May 23 23:41:01 gboucett sshd[476]: Accepted password for root from 10.0.2.2 port 1560 ssh2
May 23 23:41:18 gboucett sshd[607]: Accepted password for root from 10.0.2.2 port 1596 ssh2
May 23 23:41:21 gboucett kernel: git (761) used greatest stack depth: 13016 bytes left
